../Core/Src/glcd12864b_parallel.c:29:6:setPixel	24	static
../Core/Src/glcd12864b_parallel.c:39:6:lcd_write	16	static
../Core/Src/glcd12864b_parallel.c:80:6:lcd_read	24	static
../Core/Src/glcd12864b_parallel.c:127:6:set_rw	16	static
../Core/Src/glcd12864b_parallel.c:142:6:set_rs	16	static
../Core/Src/glcd12864b_parallel.c:157:6:set_e	16	static
../Core/Src/glcd12864b_parallel.c:172:5:is_lcd_busy	16	static
../Core/Src/glcd12864b_parallel.c:208:6:lcd_putchar	48	static
../Core/Src/glcd12864b_parallel.c:269:6:lcd_putchar2	48	static
../Core/Src/glcd12864b_parallel.c:333:6:lcd_putchar3	80	static
../Core/Src/glcd12864b_parallel.c:389:6:lcd_putstring_a	32	static
../Core/Src/glcd12864b_parallel.c:407:6:lcd_putstring_b	32	static
../Core/Src/glcd12864b_parallel.c:418:6:lcd_cls	24	static
../Core/Src/glcd12864b_parallel.c:451:6:lcd_init	8	static
../Core/Src/glcd12864b_parallel.c:481:6:lcd_draw_bitmap	24	static
../Core/Src/glcd12864b_parallel.c:514:6:lcd_draw_pointer	48	static
../Core/Src/glcd12864b_parallel.c:545:6:lcd_draw_topbar	16	static
../Core/Src/glcd12864b_parallel.c:563:6:lcd_draw_H_line	24	static
../Core/Src/glcd12864b_parallel.c:572:6:lcd_draw_V_line	24	static
../Core/Src/glcd12864b_parallel.c:581:6:lcd_draw_signalStrenght	32	static
../Core/Src/glcd12864b_parallel.c:634:6:lcd_draw_battery	24	static
../Core/Src/glcd12864b_parallel.c:660:6:lcd_update	24	static
../Core/Src/glcd12864b_parallel.c:692:6:lcd_clear_buffer	16	static
../Core/Src/glcd12864b_parallel.c:702:6:lcd_putchar_	32	static
../Core/Src/glcd12864b_parallel.c:717:6:lcd_putchar_3x5	32	static
../Core/Src/glcd12864b_parallel.c:738:6:lcd_puts	16	static
../Core/Src/glcd12864b_parallel.c:745:6:lcd_puts_3x5	16	static
