../Core/Src/glcd12864b_parallel.c:29:6:setPixel	24	static
../Core/Src/glcd12864b_parallel.c:39:6:lcd_write	24	static
../Core/Src/glcd12864b_parallel.c:60:6:lcd_read	32	static
../Core/Src/glcd12864b_parallel.c:87:6:set_rw	16	static
../Core/Src/glcd12864b_parallel.c:102:6:set_rs	16	static
../Core/Src/glcd12864b_parallel.c:117:6:set_e	16	static
../Core/Src/glcd12864b_parallel.c:132:5:is_lcd_busy	16	static
../Core/Src/glcd12864b_parallel.c:168:6:lcd_putchar	48	static
../Core/Src/glcd12864b_parallel.c:229:6:lcd_putchar2	48	static
../Core/Src/glcd12864b_parallel.c:293:6:lcd_putchar3	80	static
../Core/Src/glcd12864b_parallel.c:349:6:lcd_putstring_a	32	static
../Core/Src/glcd12864b_parallel.c:367:6:lcd_putstring_b	32	static
../Core/Src/glcd12864b_parallel.c:378:6:lcd_cls	24	static
../Core/Src/glcd12864b_parallel.c:411:6:lcd_init	8	static
../Core/Src/glcd12864b_parallel.c:441:6:lcd_draw_bitmap	24	static
../Core/Src/glcd12864b_parallel.c:474:6:lcd_draw_pointer	48	static
../Core/Src/glcd12864b_parallel.c:505:6:lcd_draw_topbar	16	static
../Core/Src/glcd12864b_parallel.c:523:6:lcd_draw_H_line	24	static
../Core/Src/glcd12864b_parallel.c:532:6:lcd_draw_V_line	24	static
../Core/Src/glcd12864b_parallel.c:541:6:lcd_draw_signalStrenght	32	static
../Core/Src/glcd12864b_parallel.c:594:6:lcd_draw_battery	24	static
../Core/Src/glcd12864b_parallel.c:620:6:lcd_update	24	static
../Core/Src/glcd12864b_parallel.c:652:6:lcd_clear_buffer	16	static
../Core/Src/glcd12864b_parallel.c:662:6:lcd_putchar_	32	static
../Core/Src/glcd12864b_parallel.c:677:6:lcd_putchar_3x5	32	static
../Core/Src/glcd12864b_parallel.c:698:6:lcd_puts	16	static
../Core/Src/glcd12864b_parallel.c:705:6:lcd_puts_3x5	16	static
